#! /c/Source/iverilog-install/bin/vvp
:ivl_version "12.0 (devel)" "(s20150603-1539-g2693dd32b)";
:ivl_delay_selection "TYPICAL";
:vpi_time_precision + 0;
:vpi_module "D:\iverilog\lib\ivl\system.vpi";
:vpi_module "D:\iverilog\lib\ivl\vhdl_sys.vpi";
:vpi_module "D:\iverilog\lib\ivl\vhdl_textio.vpi";
:vpi_module "D:\iverilog\lib\ivl\v2005_math.vpi";
:vpi_module "D:\iverilog\lib\ivl\va_math.vpi";
S_000001c2fbdcee20 .scope module, "print_tb" "print_tb" 2 2;
 .timescale 0 0;
v000001c2fbdc6990_0 .var "a", 3 0;
v000001c2fbdcbde0_0 .var "b", 3 0;
v000001c2fbdcbe80_0 .var "d", 4 0;
v000001c2fbdcbf20_0 .var/s "data_i", 3 0;
v000001c2fbdc6a30_0 .var/s "data_o", 7 0;
v000001c2fbdc6ad0_0 .var/s "data_q", 3 0;
    .scope S_000001c2fbdcee20;
T_0 ;
    %pushi/vec4 10, 0, 4;
    %store/vec4 v000001c2fbdc6990_0, 0, 4;
    %pushi/vec4 12, 0, 4;
    %store/vec4 v000001c2fbdcbde0_0, 0, 4;
    %load/vec4 v000001c2fbdc6990_0;
    %pad/u 5;
    %load/vec4 v000001c2fbdcbde0_0;
    %pad/u 5;
    %add;
    %store/vec4 v000001c2fbdcbe80_0, 0, 5;
    %vpi_call 2 11 "$display", "%d", v000001c2fbdcbe80_0 {0 0 0};
    %end;
    .thread T_0;
    .scope S_000001c2fbdcee20;
T_1 ;
    %pushi/vec4 3, 0, 4;
    %store/vec4 v000001c2fbdcbf20_0, 0, 4;
    %pushi/vec4 14, 0, 4;
    %store/vec4 v000001c2fbdc6ad0_0, 0, 4;
    %load/vec4 v000001c2fbdcbf20_0;
    %pad/s 8;
    %load/vec4 v000001c2fbdc6ad0_0;
    %pad/s 8;
    %mul;
    %store/vec4 v000001c2fbdc6a30_0, 0, 8;
    %vpi_call 2 20 "$display", "%d", v000001c2fbdc6a30_0 {0 0 0};
    %end;
    .thread T_1;
    .scope S_000001c2fbdcee20;
T_2 ;
    %vpi_call 2 24 "$display", "Hello, World!" {0 0 0};
    %vpi_call 2 25 "$finish" {0 0 0};
    %end;
    .thread T_2;
# The file index is used to find the file name in the following table.
:file_names 3;
    "N/A";
    "<interactive>";
    "print_tb.v";
